&struct {
	v **test.Bazer
}{v: valast.Ptr(valast.AddrInterface(&test.Baz{
	Bam: (1.34 + 0i),
	zeta: &test.foo{
		bar: "hello",
	},
},
	(*test.Bazer)(nil)).(*test.Bazer))}