&valast.foo{name: "one", bar: &valast.foo{
	name: "one",
	bar:  nil,
}}