&struct {
	v **test.Bazer
}{v: valast.Ptr(valast.AddrInterface(nil, (*test.Bazer)(nil)).(*test.Bazer))}