[]*baz{
	&baz{
		Beta: "foo",
	},
	&baz{Beta: 123},
	&baz{Beta: 3},
}