valast.Ptr(valast.Ptr(unsafe.Pointer(uintptr(0xdeadbeef))))