&struct {
	v interface {
		Baz() error
		String() string
	}
}{v: &test.Baz{Bam: (1.34 + 0i), zeta: &test.foo{
	bar: "hello",
}}}