&struct {
	v test.Bazer
}{v: &test.Baz{Bam: (1.34 + 0i), zeta: &test.foo{
	bar: "hello",
}}}