valast.Ptr(&struct {
	A string
}{A: "hello world"})