[2]*baz{
	&baz{
		Beta: "foo",
	},
	&baz{Beta: 123},
}